// Jest Snapshot v1, https://goo.gl/fbAQLP

exports[`BackgroundDimmer renders correctly 1`] = `
<div
  className="background-dimmer"
>
  <div
    style={
      Object {
        "backgroundColor": "black",
        "bottom": 0,
        "left": 0,
        "opacity": 0.5,
        "position": "fixed",
        "right": 0,
        "top": 0,
        "zIndex": 99999,
      }
    }
  />
  <div
    className="react-flex-view align-content-center justify-content-center main-content-wrapper"
    onClick={[Function]}
    onTouchMove={[Function]}
    onWheel={[Function]}
    style={
      Object {
        "MozBoxFlex": "0 1 auto",
        "WebkitBoxFlex": "0 1 auto",
        "WebkitFlex": "0 1 auto",
        "bottom": 0,
        "flex": "0 1 auto",
        "left": 0,
        "msFlex": "0 1 auto",
        "position": "fixed",
        "right": 0,
        "top": 0,
        "zIndex": 100000,
      }
    }
  >
    <div
      className="react-flex-view flex-column centered-content-wrapper"
      onClick={[Function]}
      style={
        Object {
          "MozBoxFlex": "0 1 auto",
          "WebkitBoxFlex": "0 1 auto",
          "WebkitFlex": "0 1 auto",
          "flex": "0 1 auto",
          "height": "auto",
          "maxHeight": "90%",
          "maxWidth": "90%",
          "msFlex": "0 1 auto",
          "width": "auto",
        }
      }
    >
      <div
        className="content"
      >
        content
      </div>
    </div>
  </div>
</div>
`;
