// Jest Snapshot v1, https://goo.gl/fbAQLP

exports[`Badge renders correctly 1`] = `
<div
  className="react-flex-view align-content-center justify-content-center badge"
  style={
    Object {
      "MozBoxFlex": "0 1 auto",
      "WebkitBoxFlex": "0 1 auto",
      "WebkitFlex": "0 1 auto",
      "flex": "0 1 auto",
      "msFlex": "0 1 auto",
    }
  }
>
  <span
    className="badge-label"
  >
    42
  </span>
</div>
`;
