// Jest Snapshot v1, https://goo.gl/fbAQLP

exports[`Icon renders correctly 1`] = `
<i
  className="icon icon-foo"
  onClick={[Function]}
  style={
    Object {
      "color": undefined,
    }
  }
/>
`;
