// Jest Snapshot v1, https://goo.gl/fbAQLP

exports[`MoreOrLess renders correctly when expanded 1`] = `
<div
  className="react-flex-view flex-column more-or-less more fancy-class-name"
  style={
    Object {
      "MozBoxFlex": "0 0 auto",
      "WebkitBoxFlex": "0 0 auto",
      "WebkitFlex": "0 0 auto",
      "flex": "0 0 auto",
      "msFlex": "0 0 auto",
    }
  }
>
  content
  <div
    className="react-flex-view align-content-center justify-content-center expand-button"
    onClick={[Function]}
    style={
      Object {
        "MozBoxFlex": "0 0 auto",
        "WebkitBoxFlex": "0 0 auto",
        "WebkitFlex": "0 0 auto",
        "flex": "0 0 auto",
        "msFlex": "0 0 auto",
      }
    }
  >
    <i
      className="icon icon-angle-up expand-button-icon"
      onClick={[Function]}
      style={
        Object {
          "color": undefined,
        }
      }
    />
  </div>
</div>
`;

exports[`MoreOrLess renders correctly when not expanded 1`] = `
<div
  className="react-flex-view flex-column more-or-less less fancy-class-name"
  style={
    Object {
      "MozBoxFlex": "0 0 auto",
      "WebkitBoxFlex": "0 0 auto",
      "WebkitFlex": "0 0 auto",
      "flex": "0 0 auto",
      "msFlex": "0 0 auto",
    }
  }
>
  content
  <div
    className="react-flex-view align-content-center justify-content-center expand-button"
    onClick={[Function]}
    style={
      Object {
        "MozBoxFlex": "0 0 auto",
        "WebkitBoxFlex": "0 0 auto",
        "WebkitFlex": "0 0 auto",
        "flex": "0 0 auto",
        "msFlex": "0 0 auto",
      }
    }
  >
    <i
      className="icon icon-angle-down expand-button-icon"
      onClick={[Function]}
      style={
        Object {
          "color": undefined,
        }
      }
    />
  </div>
</div>
`;
