// Jest Snapshot v1, https://goo.gl/fbAQLP

exports[`StatefulButton renders correctly 1`] = `"<div class=\\"button\\" style=\\"display: inline-block;\\"><div class=\\"react-flex-view align-content-center justify-content-center button-inner is-default is-medium is-ready\\"><!-- react-text: 3 --><!-- /react-text --><div class=\\"react-flex-view flex-column justify-content-center align-content-center button-label\\"><div style=\\"width: 100%;\\"><div><span style=\\"display: block; white-space: nowrap; width: 100%; overflow: hidden; text-overflow: ellipsis; position: relative;\\">BeautifulButton<div class=\\"resize-sensor\\" style=\\"position: absolute; left: 0px; top: 0px; right: 0px; bottom: 0px; overflow: hidden; z-index: -1; visibility: hidden;\\"><div class=\\"resize-sensor-expand\\" style=\\"position: absolute; left: 0; top: 0; right: 0; bottom: 0; overflow: hidden; z-index: -1; visibility: hidden;\\"><div style=\\"position: absolute; left: 0px; top: 0px; width: 10px; height: 10px;\\"></div></div><div class=\\"resize-sensor-shrink\\" style=\\"position: absolute; left: 0; top: 0; right: 0; bottom: 0; overflow: hidden; z-index: -1; visibility: hidden;\\"><div style=\\"position: absolute; left: 0; top: 0; transition: 0s; width: 200%; height: 200%\\"></div></div></div></span><span style=\\"position: fixed; visibility: hidden; pointer-events: none; top: 0px; left: 0px;\\">BeautifulButton</span></div></div></div></div></div>"`;
