// Jest Snapshot v1, https://goo.gl/fbAQLP

exports[`TimePicker renders correctly 1`] = `"<div class=\\"Select dropdown time-picker fancy-class-name is-medium Select--single is-searchable has-value\\"><div class=\\"Select-control\\" style=\\"margin: 10px; position: relative;\\"><span class=\\"Select-multi-value-wrapper\\" id=\\"react-select-2--value\\"><div class=\\"Select-value\\"><span class=\\"Select-value-label\\" role=\\"option\\" aria-selected=\\"true\\" id=\\"react-select-2--value-item\\">06:30</span></div><div class=\\"Select-input\\" style=\\"display: inline-block;\\"><input role=\\"combobox\\" aria-expanded=\\"false\\" aria-owns=\\"\\" aria-haspopup=\\"false\\" aria-activedescendant=\\"react-select-2--value\\" value=\\"\\" style=\\"box-sizing: content-box; width: 2px;\\"><div style=\\"position: absolute; top: 0px; left: 0px; visibility: hidden; height: 0px; overflow: scroll; white-space: pre; font-family: -webkit-small-control; letter-spacing: normal;\\"></div></div></span><span class=\\"Select-arrow-zone\\"><span class=\\"Select-arrow\\"></span></span></div></div>"`;
