// Jest Snapshot v1, https://goo.gl/fbAQLP

exports[`TimePicker renders correctly 1`] = `"<div class=\\"css-10nd86i buildo-dropdown time-picker fancy-class-name is-medium\\" id=\\"12345\\"><div class=\\"css-vj8t7z Select-control\\"><div class=\\"css-1hwfws3\\"><div class=\\"css-xp4uvy Single-value\\">06:30</div><div class=\\"css-1g6gooi\\"><div class=\\"Select-input\\" style=\\"display: inline-block;\\"><input autocapitalize=\\"none\\" autocomplete=\\"off\\" autocorrect=\\"off\\" id=\\"react-select-2-input\\" spellcheck=\\"false\\" tabindex=\\"0\\" type=\\"text\\" aria-autocomplete=\\"list\\" style=\\"box-sizing: content-box; width: 2px; border: 0px; font-size: inherit; opacity: 1; outline: 0; padding: 0px;\\" value=\\"\\"><div style=\\"position: absolute; top: 0px; left: 0px; visibility: hidden; height: 0px; overflow: scroll; white-space: pre; font-size: inherit; font-family: -webkit-small-control; letter-spacing: normal; text-transform: none;\\"></div></div></div></div><div class=\\"css-1wy0on6\\"><span class=\\"Select-arrow-zone\\"><span class=\\"Select-arrow-down\\"></span></span></div></div></div>"`;
